


ARM Macro Assembler    Page 1 


    1 00000000                 AREA             SBSC, CODE, READONLY
    2 00000000         ENTRY
    3 00000000 E3A00C01        MOV              R0,#0X00000100 ; 256 (First num
                                                            ber MSB)
    4 00000004 E3A01E12        MOV              R1,#0X00000120 ; 288 (Second nu
                                                            mber MSB)
    5 00000008 E3A02009        MOV              R2,#0X00000009 ; 9   (First num
                                                            ber LSB)
    6 0000000C E3A0300C        MOV              R3,#0X0000000C ; 12  (Second nu
                                                            mber LSB)
    7 00000010 E0905001        ADDS             R5,R0,R1    ; 544  (R0 + R1)
    8 00000014 E0A24003        ADC              R4,R2,R3    ; 21   (R2 + R3)
    9 00000018 EAFFFFFE 
                       UP      B                UP
   10 0000001C                 END
Command Line: --debug --xref --device=DARMP --apcs=interwork -oq1.o -I"C:\Progr
am Files\ARM\INC\Philips" --predefine="__EVAL SETA 1" --list=q1.lst q1.asm



ARM Macro Assembler    Page 1 Alphabetic symbol ordering
Relocatable symbols

ENTRY 00000000

Symbol: ENTRY
   Definitions
      At line 2 in file q1.asm
   Uses
      None
Comment: ENTRY unused
SBSC 00000000

Symbol: SBSC
   Definitions
      At line 1 in file q1.asm
   Uses
      None
Comment: SBSC unused
UP 00000018

Symbol: UP
   Definitions
      At line 9 in file q1.asm
   Uses
      At line 9 in file q1.asm
Comment: UP used once
3 symbols
323 symbols in table
