


ARM Macro Assembler    Page 1 


    1 00000000                 AREA             SBCS, CODE,READONLY
    2 00000000         ENTRY
    3 00000000 E3A00E12        MOV              R0,#0X00000120 ; 288
    4 00000004 E3A01C01        MOV              R1,#0X00000100 ; 256
    5 00000008 E0512000        SUBS             R2,R1,R0
    6 0000000C EAFFFFFE 
                       UP      B                UP
    7 00000010                 END
Command Line: --debug --xref --device=DARMP --apcs=interwork -oq3.o -I"C:\Progr
am Files\ARM\INC\Philips" --predefine="__EVAL SETA 1" --list=q3.lst q3.asm



ARM Macro Assembler    Page 1 Alphabetic symbol ordering
Relocatable symbols

ENTRY 00000000

Symbol: ENTRY
   Definitions
      At line 2 in file q3.asm
   Uses
      None
Comment: ENTRY unused
SBCS 00000000

Symbol: SBCS
   Definitions
      At line 1 in file q3.asm
   Uses
      None
Comment: SBCS unused
UP 0000000C

Symbol: UP
   Definitions
      At line 6 in file q3.asm
   Uses
      At line 6 in file q3.asm
Comment: UP used once
3 symbols
323 symbols in table
