


ARM Macro Assembler    Page 1 


    1 00000000                 AREA             SBCS, CODE, READONLY
    2 00000000                 ENTRY
    3 00000000 E3A00101        LDR              R0,=0X40000000 ;Divisor
    4 00000004 E4901004        LDR              R1, [R0], #04 ;Dividend
    5 00000008 E4902004        LDR              R2, [R0], #04 ;Remainder
    6 0000000C E3A06000        MOV              R6, #00
    7 00000010 E0522001 
                       LO      SUBS             R2, R2, R1  ;R2 - R1 = 0
    8 00000014 22866001        ADDCS            R6, R6, #1
    9 00000018 2AFFFFFC        BCS              LO
   10 0000001C E0822001        ADD              R2, R2, R1
   11 00000020 E4802004        STR              R2, [R0], #4
   12 00000024 E4806004        STR              R6, [R0], #4
   13 00000028 EAFFFFFE 
                       UP      B                UP
   14 0000002C                 END
Command Line: --debug --xref --device=DARMP --apcs=interwork -o7a3.o -I"C:\Prog
ram Files\ARM\INC\Philips" --predefine="__EVAL SETA 1" --list=7a3.lst 7a3.asm



ARM Macro Assembler    Page 1 Alphabetic symbol ordering
Relocatable symbols

LO 00000010

Symbol: LO
   Definitions
      At line 7 in file 7a3.asm
   Uses
      At line 9 in file 7a3.asm
Comment: LO used once
SBCS 00000000

Symbol: SBCS
   Definitions
      At line 1 in file 7a3.asm
   Uses
      None
Comment: SBCS unused
UP 00000028

Symbol: UP
   Definitions
      At line 13 in file 7a3.asm
   Uses
      At line 13 in file 7a3.asm
Comment: UP used once
3 symbols
323 symbols in table
