<html>
<body>
<pre>
<h1>µVision Build Log</h1>
<h2>Project:</h2>
C:\Users\Yash Umale\Documents\6th Sem\MPMC Lab\Lab 12\lab12.uvproj
Project File Date:  04/22/2021

<h2>Output:</h2>
Build target 'Target 1'
linking...
Program Size: Code=496 RO-data=16 RW-data=0 ZI-data=96  
"lab12.axf" - 0 Error(s), 0 Warning(s).
compiling C:\Program Files\ARM\INC\Philips\LPC214X.h...
SfrCC FATAL-ERROR -
  ACTION:  CREATING FILE
  FILE:    C:\Program Files\ARM\INC\Philips\LPC214X.LST
  ERROR:   CAN'T CREATE FILE
SfrCC TERMINATED.
