<html>
<body>
<pre>
<h1>µVision Build Log</h1>
<h2>Project:</h2>
C:\Users\Yash Umale\Documents\6th Sem\Microprocessor Lab Source Files\Lab 6\lab6.uvproj
Project File Date:  03/04/2021

<h2>Output:</h2>
Build target 'Target 1'
assembling 4a.asm...
linking...
Program Size: Code=132 RO-data=0 RW-data=0 ZI-data=0  
"lab6.axf" - 0 Error(s), 0 Warning(s).
compiling C:\Program Files\ARM\INC\Philips\LPC214X.h...
SfrCC FATAL-ERROR -
  ACTION:  CREATING FILE
  FILE:    C:\Program Files\ARM\INC\Philips\LPC214X.LST
  ERROR:   CAN'T CREATE FILE
SfrCC TERMINATED.
