ARM Linker, RVCT4.0 [Build 524] for uVision [Evaluation]

==============================================================================

Section Cross References



==============================================================================

Image Symbol Table

    Local Symbols

    Symbol Name                              Value     Ov Type        Size  Object(Section)

    SBCS                                     0x00000000   Section       56  6c_fixed.o(SBCS)
    ..\Lab 4\4a.asm                          0x00000000   Number         0  4a.o ABSOLUTE
    6a.asm                                   0x00000000   Number         0  6a.o ABSOLUTE
    6b.asm                                   0x00000000   Number         0  6b.o ABSOLUTE
    6c_fixed.asm                             0x00000000   Number         0  6c_fixed.o ABSOLUTE
    SBCS                                     0x00000038   Section       32  6b.o(SBCS)
    SBCS                                     0x00000058   Section       28  6a.o(SBCS)
    SBSC                                     0x00000074   Section       16  4a.o(SBSC)

    Global Symbols

    Symbol Name                              Value     Ov Type        Size  Object(Section)

    BuildAttributes$$THM_ISAv1$ARM_ISAv4$S$PE$A:L22$X:L11$S22$IEEE1$IW$USESV6$~STKCKD$USESV7$~SHL$OSPACE$EBA8$STANDARDLIB$PRES8$EABIv2 0x00000000   Number         0  anon$$obj.o ABSOLUTE



==============================================================================

Memory Map of the image

  Image Entry point : 0x00000000

  Load Region LR_1 (Base: 0x00000000, Size: 0x00000084, Max: 0xffffffff, ABSOLUTE)

    Execution Region ER_RO (Base: 0x00000000, Size: 0x00000084, Max: 0xffffffff, ABSOLUTE)

    Base Addr    Size         Type   Attr      Idx    E Section Name        Object

    0x00000000   0x00000038   Code   RO            6  * SBCS                6c_fixed.o
    0x00000038   0x00000020   Code   RO            9  * SBCS                6b.o
    0x00000058   0x0000001c   Code   RO           12  * SBCS                6a.o
    0x00000074   0x00000010   Code   RO            1  * SBSC                4a.o


    Execution Region ER_RW (Base: 0x40000000, Size: 0x00000000, Max: 0xffffffff, ABSOLUTE)

    **** No section assigned to this execution region ****


    Execution Region ER_ZI (Base: 0x40000000, Size: 0x00000000, Max: 0xffffffff, ABSOLUTE)

    **** No section assigned to this execution region ****


==============================================================================

Image component sizes


      Code (inc. data)   RO Data    RW Data    ZI Data      Debug   Object Name

        16          0          0          0          0        244   4a.o
        28          0          0          0          0        204   6a.o
        32          0          0          0          0        204   6b.o
        56          4          0          0          0        224   6c_fixed.o

    ----------------------------------------------------------------------
       132          4          0          0          0        876   Object Totals
         0          0          0          0          0          0   (incl. Generated)
         0          0          0          0          0          0   (incl. Padding)

    ----------------------------------------------------------------------
         0          0          0          0          0          0   Library Totals
         0          0          0          0          0          0   (incl. Padding)

    ----------------------------------------------------------------------

==============================================================================


      Code (inc. data)   RO Data    RW Data    ZI Data      Debug   

       132          4          0          0          0        876   Grand Totals
       132          4          0          0          0        876   ELF Image Totals
       132          4          0          0          0          0   ROM Totals

==============================================================================

    Total RO  Size (Code + RO Data)                  132 (   0.13kB)
    Total RW  Size (RW Data + ZI Data)                 0 (   0.00kB)
    Total ROM Size (Code + RO Data + RW Data)        132 (   0.13kB)

==============================================================================

