ARM Linker, RVCT4.0 [Build 524] for uVision [Evaluation]

==============================================================================

Section Cross References



==============================================================================

Image Symbol Table

    Local Symbols

    Symbol Name                              Value     Ov Type        Size  Object(Section)

    SBCS                                     0x00000000   Section       48  9a.o(SBCS)
    8b.asm                                   0x00000000   Number         0  8b.o ABSOLUTE
    8c.asm                                   0x00000000   Number         0  8c.o ABSOLUTE
    9a.asm                                   0x00000000   Number         0  9a.o ABSOLUTE
    9b_final.asm                             0x00000000   Number         0  9b_final.o ABSOLUTE
    SBCS                                     0x00000030   Section       48  9b_final.o(SBCS)
    SBCS                                     0x00000060   Section       48  8c.o(SBCS)
    SBCS                                     0x00000090   Section       80  8b.o(SBCS)

    Global Symbols

    Symbol Name                              Value     Ov Type        Size  Object(Section)

    BuildAttributes$$THM_ISAv1$ARM_ISAv4$S$PE$A:L22$X:L11$S22$IEEE1$IW$USESV6$~STKCKD$USESV7$~SHL$OSPACE$EBA8$STANDARDLIB$PRES8$EABIv2 0x00000000   Number         0  anon$$obj.o ABSOLUTE



==============================================================================

Memory Map of the image

  Image Entry point : 0x00000000

  Load Region LR_1 (Base: 0x00000000, Size: 0x000000e0, Max: 0xffffffff, ABSOLUTE)

    Execution Region ER_RO (Base: 0x00000000, Size: 0x000000e0, Max: 0xffffffff, ABSOLUTE)

    Base Addr    Size         Type   Attr      Idx    E Section Name        Object

    0x00000000   0x00000030   Code   RO            1  * SBCS                9a.o
    0x00000030   0x00000030   Code   RO            6  * SBCS                9b_final.o
    0x00000060   0x00000030   Code   RO            9  * SBCS                8c.o
    0x00000090   0x00000050   Code   RO           12  * SBCS                8b.o


    Execution Region ER_RW (Base: 0x40000000, Size: 0x00000000, Max: 0xffffffff, ABSOLUTE)

    **** No section assigned to this execution region ****


    Execution Region ER_ZI (Base: 0x40000000, Size: 0x00000000, Max: 0xffffffff, ABSOLUTE)

    **** No section assigned to this execution region ****


==============================================================================

Image component sizes


      Code (inc. data)   RO Data    RW Data    ZI Data      Debug   Object Name

        80          8          0          0          0        196   8b.o
        48          4          0          0          0        188   8c.o
        48          4          0          0          0        208   9a.o
        48          4          0          0          0        196   9b_final.o

    ----------------------------------------------------------------------
       224         20          0          0          0        788   Object Totals
         0          0          0          0          0          0   (incl. Generated)
         0          0          0          0          0          0   (incl. Padding)

    ----------------------------------------------------------------------
         0          0          0          0          0          0   Library Totals
         0          0          0          0          0          0   (incl. Padding)

    ----------------------------------------------------------------------

==============================================================================


      Code (inc. data)   RO Data    RW Data    ZI Data      Debug   

       224         20          0          0          0        788   Grand Totals
       224         20          0          0          0        788   ELF Image Totals
       224         20          0          0          0          0   ROM Totals

==============================================================================

    Total RO  Size (Code + RO Data)                  224 (   0.22kB)
    Total RW  Size (RW Data + ZI Data)                 0 (   0.00kB)
    Total ROM Size (Code + RO Data + RW Data)        224 (   0.22kB)

==============================================================================

